// Vitest Snapshot v1, https://vitest.dev/guide/snapshot.html

exports[`Login Page > should match snapshot 1`] = `
<div>
  <div
    class="login-page"
  >
    <div
      class="side-banner"
    >
      <img
        alt="side-banner"
        src="/src/assets/kv-login.jpeg"
      />
    </div>
    <div
      class="login-form"
    >
      <form
        class="login-form-content"
      >
        <div>
          <h3>
            Mouse x - 
            0
          </h3>
          <h3>
            Mouse y - 
            0
          </h3>
        </div>
        <img
          alt="kv-logo"
          class="kv-logo"
          src="/src/assets/kv-logo.png"
        />
        <div
          class="login-form__form"
        >
          <div
            class="form-element-parent--login-username"
            style="display: flex; flex-direction: row; gap: 10px;"
          >
            <div
              class="form-element form-element--login form-element--login-username"
            >
              <input
                id="login-username"
                placeholder=""
                required=""
                type="text"
                value=""
              />
              <label
                for="login-username"
              >
                Username
              </label>
            </div>
            <button
              class="login--clear-button"
              disabled=""
              type="button"
            >
              Clear
            </button>
          </div>
          <div
            class="form-element-parent--login-password"
            style="display: flex; flex-direction: row; gap: 10px;"
          >
            <div
              class="form-element form-element--login form-element--login-password"
            >
              <input
                id="login-password"
                placeholder=""
                required=""
                type="password"
                value=""
              />
              <label
                for="login-password"
              >
                Password
              </label>
            </div>
            <button
              class="login--clear-button"
              disabled=""
              type="button"
            >
              Clear
            </button>
          </div>
          <div
            class="form-element-parent--login-show-password"
            style="display: flex; flex-direction: row; gap: 10px;"
          >
            <div
              class="form-element-checkbox form-element--login form-element--login-show-password"
            >
              <input
                id="login-show-password"
                placeholder=""
                type="checkbox"
              />
              <label
                for="login-show-password"
              >
                Show Password
              </label>
            </div>
          </div>
        </div>
        <button
          class="custom-button button--login"
          disabled=""
          type="button"
        >
          Log in
        </button>
      </form>
    </div>
  </div>
</div>
`;
